TF 10101011 10101010 1000 ***
ES 00000000 00000000 000 ***
