WD 00000000 10101010 1000 ***
ES 00000000 00000000 000 ***
