CR 12345678 00000000 000 Bryce Marshall
ES 00000000 00000000 000 ***
