WD 10101010 00000000 1000 ***
ES 00000000 00000000 000 *** 

