> Log in as ATM or agent?
> Logged in as agent
> Enter account number > Enter name > Account creation successful
> Logged out 
> 
