> Log in as ATM or agent?
> Logged in as agent
> Account number > Name > Error : Invalid name
Name >
