> Log in as ATM or agent?
> Logged in as agent
> Account number > Account deletion successful 
> Logged out
> 
