> Log in as ATM or agent?
> Logged in as ATM
> Account number > Error: Invalid account number
Account number >