> Log in as ATM or agent?
> Logged in as agent
> Account number > Amount > Error : Invalid amount 
Amount >
