> Log in as ATM or agent?
> Logged in as agent
> Logged out
> 

