> login
Log in as ATM or agent?
> agent
Logged in as agent
> logout
Logged out
>

