> Log in as ATM or agent?
> Logged in as agent
> Account number > Amount > Deposit successful
> Logged out
>