> Log in as ATM or agent?
> Logged in as ATM
> Account number > Amount > Error: Invalid amount
Amount >