> Log in as ATM or agent?
> Logged in as ATM
> Account number > Amount > Withdrawal successful
> Logged out
>