> Log in as ATM or agent?
> Logged in as ATM
> Error: priveleged command
> Error: priveleged command
> Logged out
> 
