> Log in as ATM or agent?
> Logged in as agent
> From account > To account > Amount > Transfer successful
> Logged out
>