> Log in as ATM or agent?
> Logged in as ATM
> From account > Error: Invalid first account number
From account >