> Log in as ATM or agent?
> Logged in as ATM
> From account > To account > Amount > Error: Invalid amount
Amount >