> Log in as ATM or agent?
> Logged in as agent
> Error: command not recognized
>