> Log in as ATM or agent?
> Logged in as ATM
> From account > To account > Error: Invalid second account number
To account >