> Log in as ATM or agent?
> Logged in as agent
> Error: invalid account number 
>