> Log in as ATM or agent?
> Logged in as agent
> Account number > Error: Invalid account number
Account number >